// Jest Snapshot v1, https://goo.gl/fbAQLP

exports[`ListingCard matches snapshot 1`] = `
<div>
  <div
    style={
      Object {
        "textAlign": "right",
        "width": "90%",
      }
    }
  />
  <NamedLink
    className=""
    name="ListingPage"
    params={
      Object {
        "id": "listing1",
        "slug": "listing1-title",
      }
    }
  >
    <div>
      <div>
        <lazyLoadWithDimensions(ListingImage)
          alt="listing1 title"
          image={null}
          sizes={null}
          variants={
            Array [
              "scaled-xlarge",
            ]
          }
        />
      </div>
    </div>
    <div>
      <div>
        <div
          title={55}
        >
          55
        </div>
        <div>
          <FormattedMessage
            id="ListingCard.perUnit"
            values={Object {}}
          />
        </div>
      </div>
      <div>
        <div>
          listing1
           
          title
        </div>
        <div>
          <FormattedMessage
            id="ListingCard.hostedBy"
            values={
              Object {
                "authorName": "user1 display name",
              }
            }
          />
        </div>
      </div>
    </div>
  </NamedLink>
</div>
`;
