// Jest Snapshot v1, https://goo.gl/fbAQLP

exports[`TopbarDesktop data matches snapshot 1`] = `
<nav
  className=""
>
  <a
    className="NamedLink_active"
    href="/"
    onClick={[Function]}
    style={Object {}}
    title={null}
  >
    <span>
      Swoptop
    </span>
  </a>
  <form
    action="/"
    className=""
    method="post"
    onSubmit={[Function]}
  >
    <div>
      Follow
       
      <a
        href="https://www.instagram.com/swoptop/?igshid=g9ec4w44231a"
        rel="noopener noreferrer"
        target="_blank"
      >
        @swoptop
      </a>
       
      to learn more
    </div>
  </form>
  <a
    className=""
    href="/l/new"
    onClick={[Function]}
    style={Object {}}
    title={null}
  >
    <span>
      <span>
        TopbarDesktop.createListing
      </span>
    </span>
  </a>
  <a
    className=""
    href="/inbox/sales"
    onClick={[Function]}
    style={Object {}}
    title={null}
  >
    <span>
      <span>
        TopbarDesktop.inbox
      </span>
    </span>
  </a>
  <a
    className=""
    href="/s?s?address=United+States"
    onClick={[Function]}
    style={Object {}}
    title={null}
  >
    <span>
      Browse Listings
    </span>
  </a>
  <div
    className=""
    onBlur={[Function]}
    onKeyDown={[Function]}
    tabIndex={0}
  >
    <button
      className=""
      onBlur={[Function]}
      onClick={[Function]}
    >
      <div
        className=""
        title=""
      >
        <span />
      </div>
    </button>
    <div
      className=""
      style={Object {}}
    >
      <ul
        className=""
      >
        <li
          className=""
          role="menuitem"
        >
          <a
            className=""
            href="/listings"
            onClick={[Function]}
            style={Object {}}
            title={null}
          >
            <span />
            <span>
              TopbarDesktop.yourListingsLink
            </span>
          </a>
        </li>
        <li
          className=""
          role="menuitem"
        >
          <a
            className=""
            href="/profile-settings"
            onClick={[Function]}
            style={Object {}}
            title={null}
          >
            <span />
            <span>
              TopbarDesktop.profileSettingsLink
            </span>
          </a>
        </li>
        <li
          className=""
          role="menuitem"
        >
          <a
            className=""
            href="/account"
            onClick={[Function]}
            style={Object {}}
            title={null}
          >
            <span />
            <span>
              TopbarDesktop.accountSettingsLink
            </span>
          </a>
        </li>
        <li
          className=""
          role="menuitem"
        >
          <button
            className=""
            disabled={false}
            onClick={[Function]}
          >
            <span />
            <span>
              TopbarDesktop.logout
            </span>
          </button>
        </li>
      </ul>
    </div>
  </div>
</nav>
`;
