// Jest Snapshot v1, https://goo.gl/fbAQLP

exports[`SignupForm matches snapshot 1`] = `
<form
  action="/"
  className=""
  method="post"
  onSubmit={[Function]}
>
  <div>
    <div
      className=""
    >
      <label
        htmlFor="email"
      >
        SignupForm.emailLabel
      </label>
      <input
        autoComplete="email"
        className=""
        id="email"
        name="email"
        onBlur={[Function]}
        onChange={[Function]}
        onFocus={[Function]}
        placeholder="SignupForm.emailPlaceholder"
        type="email"
        value=""
      />
    </div>
    <div>
      <div
        className=""
      >
        <label
          htmlFor="fname"
        >
          SignupForm.firstNameLabel
        </label>
        <input
          autoComplete="given-name"
          className=""
          id="fname"
          name="fname"
          onBlur={[Function]}
          onChange={[Function]}
          onFocus={[Function]}
          placeholder="SignupForm.firstNamePlaceholder"
          type="text"
          value=""
        />
      </div>
      <div
        className=""
      >
        <label
          htmlFor="lname"
        >
          SignupForm.lastNameLabel
        </label>
        <input
          autoComplete="family-name"
          className=""
          id="lname"
          name="lname"
          onBlur={[Function]}
          onChange={[Function]}
          onFocus={[Function]}
          placeholder="SignupForm.lastNamePlaceholder"
          type="text"
          value=""
        />
      </div>
    </div>
    <div
      className=""
    >
      <label
        htmlFor="school"
      >
        College
      </label>
      <input
        className=""
        id="school"
        name="school"
        onBlur={[Function]}
        onChange={[Function]}
        onFocus={[Function]}
        placeholder="University of ..."
        type="text"
        value=""
      />
    </div>
    <div
      className=""
    >
      <label
        htmlFor="sorority"
      >
        Sorority (optional)
      </label>
      <input
        className=""
        id="sorority"
        name="sorority"
        onBlur={[Function]}
        onChange={[Function]}
        onFocus={[Function]}
        placeholder="Alpha Chi Omega"
        type="text"
        value=""
      />
    </div>
    <p>
      *Choose the location from which you want to rent from or want users to rent from you.
    </p>
    <div
      className=""
    >
      <label
        htmlFor="state"
      >
        State
      </label>
      <select
        className=""
        id="state"
        name="state"
        onBlur={[Function]}
        onChange={[Function]}
        onFocus={[Function]}
        value=""
      >
        <option
          disabled={true}
          value=""
        >
          Choose your state...
        </option>
        <option
          data-key="3919"
          key="3919"
          value="Alabama"
        >
          Alabama
        </option>
        <option
          data-key="3920"
          key="3920"
          value="Alaska"
        >
          Alaska
        </option>
        <option
          data-key="3921"
          key="3921"
          value="Arizona"
        >
          Arizona
        </option>
        <option
          data-key="3922"
          key="3922"
          value="Arkansas"
        >
          Arkansas
        </option>
        <option
          data-key="3923"
          key="3923"
          value="Byram"
        >
          Byram
        </option>
        <option
          data-key="3924"
          key="3924"
          value="California"
        >
          California
        </option>
        <option
          data-key="3925"
          key="3925"
          value="Cokato"
        >
          Cokato
        </option>
        <option
          data-key="3926"
          key="3926"
          value="Colorado"
        >
          Colorado
        </option>
        <option
          data-key="3927"
          key="3927"
          value="Connecticut"
        >
          Connecticut
        </option>
        <option
          data-key="3928"
          key="3928"
          value="Delaware"
        >
          Delaware
        </option>
        <option
          data-key="3929"
          key="3929"
          value="District of Columbia"
        >
          District of Columbia
        </option>
        <option
          data-key="3930"
          key="3930"
          value="Florida"
        >
          Florida
        </option>
        <option
          data-key="3931"
          key="3931"
          value="Georgia"
        >
          Georgia
        </option>
        <option
          data-key="3932"
          key="3932"
          value="Hawaii"
        >
          Hawaii
        </option>
        <option
          data-key="3933"
          key="3933"
          value="Idaho"
        >
          Idaho
        </option>
        <option
          data-key="3934"
          key="3934"
          value="Illinois"
        >
          Illinois
        </option>
        <option
          data-key="3935"
          key="3935"
          value="Indiana"
        >
          Indiana
        </option>
        <option
          data-key="3936"
          key="3936"
          value="Iowa"
        >
          Iowa
        </option>
        <option
          data-key="3937"
          key="3937"
          value="Kansas"
        >
          Kansas
        </option>
        <option
          data-key="3938"
          key="3938"
          value="Kentucky"
        >
          Kentucky
        </option>
        <option
          data-key="3939"
          key="3939"
          value="Louisiana"
        >
          Louisiana
        </option>
        <option
          data-key="3940"
          key="3940"
          value="Lowa"
        >
          Lowa
        </option>
        <option
          data-key="3941"
          key="3941"
          value="Maine"
        >
          Maine
        </option>
        <option
          data-key="3942"
          key="3942"
          value="Maryland"
        >
          Maryland
        </option>
        <option
          data-key="3943"
          key="3943"
          value="Massachusetts"
        >
          Massachusetts
        </option>
        <option
          data-key="3944"
          key="3944"
          value="Medfield"
        >
          Medfield
        </option>
        <option
          data-key="3945"
          key="3945"
          value="Michigan"
        >
          Michigan
        </option>
        <option
          data-key="3946"
          key="3946"
          value="Minnesota"
        >
          Minnesota
        </option>
        <option
          data-key="3947"
          key="3947"
          value="Mississippi"
        >
          Mississippi
        </option>
        <option
          data-key="3948"
          key="3948"
          value="Missouri"
        >
          Missouri
        </option>
        <option
          data-key="3949"
          key="3949"
          value="Montana"
        >
          Montana
        </option>
        <option
          data-key="3950"
          key="3950"
          value="Nebraska"
        >
          Nebraska
        </option>
        <option
          data-key="3951"
          key="3951"
          value="Nevada"
        >
          Nevada
        </option>
        <option
          data-key="3952"
          key="3952"
          value="New Hampshire"
        >
          New Hampshire
        </option>
        <option
          data-key="3953"
          key="3953"
          value="New Jersey"
        >
          New Jersey
        </option>
        <option
          data-key="3954"
          key="3954"
          value="New Jersy"
        >
          New Jersy
        </option>
        <option
          data-key="3955"
          key="3955"
          value="New Mexico"
        >
          New Mexico
        </option>
        <option
          data-key="3956"
          key="3956"
          value="New York"
        >
          New York
        </option>
        <option
          data-key="3957"
          key="3957"
          value="North Carolina"
        >
          North Carolina
        </option>
        <option
          data-key="3958"
          key="3958"
          value="North Dakota"
        >
          North Dakota
        </option>
        <option
          data-key="3959"
          key="3959"
          value="Ohio"
        >
          Ohio
        </option>
        <option
          data-key="3960"
          key="3960"
          value="Oklahoma"
        >
          Oklahoma
        </option>
        <option
          data-key="3961"
          key="3961"
          value="Ontario"
        >
          Ontario
        </option>
        <option
          data-key="3962"
          key="3962"
          value="Oregon"
        >
          Oregon
        </option>
        <option
          data-key="3963"
          key="3963"
          value="Pennsylvania"
        >
          Pennsylvania
        </option>
        <option
          data-key="3964"
          key="3964"
          value="Ramey"
        >
          Ramey
        </option>
        <option
          data-key="3965"
          key="3965"
          value="Rhode Island"
        >
          Rhode Island
        </option>
        <option
          data-key="3966"
          key="3966"
          value="South Carolina"
        >
          South Carolina
        </option>
        <option
          data-key="3967"
          key="3967"
          value="South Dakota"
        >
          South Dakota
        </option>
        <option
          data-key="3968"
          key="3968"
          value="Sublimity"
        >
          Sublimity
        </option>
        <option
          data-key="3969"
          key="3969"
          value="Tennessee"
        >
          Tennessee
        </option>
        <option
          data-key="3970"
          key="3970"
          value="Texas"
        >
          Texas
        </option>
        <option
          data-key="3971"
          key="3971"
          value="Trimble"
        >
          Trimble
        </option>
        <option
          data-key="3972"
          key="3972"
          value="Utah"
        >
          Utah
        </option>
        <option
          data-key="3973"
          key="3973"
          value="Vermont"
        >
          Vermont
        </option>
        <option
          data-key="3974"
          key="3974"
          value="Virginia"
        >
          Virginia
        </option>
        <option
          data-key="3975"
          key="3975"
          value="Washington"
        >
          Washington
        </option>
        <option
          data-key="3976"
          key="3976"
          value="West Virginia"
        >
          West Virginia
        </option>
        <option
          data-key="3977"
          key="3977"
          value="Wisconsin"
        >
          Wisconsin
        </option>
        <option
          data-key="3978"
          key="3978"
          value="Wyoming"
        >
          Wyoming
        </option>
      </select>
    </div>
    <div
      className=""
    >
      <label
        htmlFor="city"
      >
        City
      </label>
      <select
        className=""
        id="city"
        name="city"
        onBlur={[Function]}
        onChange={[Function]}
        onFocus={[Function]}
        value=""
      >
        <option
          disabled={true}
          value=""
        >
          Choose your city...
        </option>
      </select>
    </div>
    <div
      className=""
    >
      <label
        htmlFor="allowTryOns"
      >
        Allow try ons?
      </label>
      <select
        className=""
        id="allowTryOns"
        name="allowTryOns"
        onBlur={[Function]}
        onChange={[Function]}
        onFocus={[Function]}
        value=""
      >
        <option
          disabled={true}
          value=""
        >
          Select one...
        </option>
        <option
          value={true}
        >
          Allow try ons
        </option>
        <option
          value={false}
        >
          Do not allow try ons
        </option>
      </select>
    </div>
    <div
      className=""
    >
      <label
        htmlFor="height"
      >
        Height (optional)
      </label>
      <input
        className=""
        id="height"
        name="height"
        onBlur={[Function]}
        onChange={[Function]}
        onFocus={[Function]}
        placeholder="e.g. 5' 4\\""
        type="text"
        value=""
      />
    </div>
    <div
      className=""
    >
      <label
        htmlFor="password"
      >
        SignupForm.passwordLabel
      </label>
      <input
        autoComplete="new-password"
        className=""
        id="password"
        name="password"
        onBlur={[Function]}
        onChange={[Function]}
        onFocus={[Function]}
        placeholder="SignupForm.passwordPlaceholder"
        type="password"
        value=""
      />
    </div>
  </div>
  <div>
    <p>
      <span>
        <span>
          SignupForm.termsAndConditionsAcceptText
        </span>
      </span>
    </p>
    <button
      className=""
      disabled={true}
      type="submit"
    >
      <span>
        SignupForm.signUp
      </span>
    </button>
  </div>
</form>
`;
